⨯ ./src/app/(dashboard)/dashboard/page.tsx:2:1
Module not found: Can't resolve '@/lib/dashboard/dashboard-queries'
  [90m1 |[0m [36mimport[0m { requireAuth } [36mfrom[0m [32m'@/lib/rbac'[0m;
[31m[1m>[0m [90m2 |[0m [36mimport[0m { getDashboardData } [36mfrom[0m [32m'@/lib/dashboard/dashboard-queries'[0m;
  [90m  |[0m [31m[1m^^^^^^^^^^^^^^^^^^^^^^^^^^^^^^^^^^^^^^^^^^^^^^^^^^^^^^^^^^^^^^^^^^^^^[0m
  [90m3 |[0m [36mimport[0m { [33mOperationalDashboard[0m } [36mfrom[0m [32m'@/components/dashboard/operational-dashboard'[0m;
  [90m4 |[0m [36mimport[0m { [33mExecutiveDashboard[0m } [36mfrom[0m [32m'@/components/dashboard/executive/executive-dashboard'[0m;
  [90m5 |[0m [36mimport[0m { getGlobalProjectContext } [36mfrom[0m [32m'@/lib/project-context'[0m;

Import map: aliased to relative './src/lib/dashboard/dashboard-queries' inside of [project]/


https://nextjs.org/docs/messages/module-not-found


⨯ ./src/app/(dashboard)/dashboard/page.tsx:2:1
Module not found: Can't resolve '@/lib/dashboard/dashboard-queries'
  [90m1 |[0m [36mimport[0m { requireAuth } [36mfrom[0m [32m'@/lib/rbac'[0m;
[31m[1m>[0m [90m2 |[0m [36mimport[0m { getDashboardData } [36mfrom[0m [32m'@/lib/dashboard/dashboard-queries'[0m;
  [90m  |[0m [31m[1m^^^^^^^^^^^^^^^^^^^^^^^^^^^^^^^^^^^^^^^^^^^^^^^^^^^^^^^^^^^^^^^^^^^^^[0m
  [90m3 |[0m [36mimport[0m { [33mOperationalDashboard[0m } [36mfrom[0m [32m'@/components/dashboard/operational-dashboard'[0m;
  [90m4 |[0m [36mimport[0m { [33mExecutiveDashboard[0m } [36mfrom[0m [32m'@/components/dashboard/executive/executive-dashboard'[0m;
  [90m5 |[0m [36mimport[0m { getGlobalProjectContext } [36mfrom[0m [32m'@/lib/project-context'[0m;

Import map: aliased to relative './src/lib/dashboard/dashboard-queries' inside of [project]/


https://nextjs.org/docs/messages/module-not-found


⨯ ./src/components/dashboard/executive/executive-dashboard.tsx:4:1
Module not found: Can't resolve './executive-project-dashboard'
  [90m2 |[0m [36mimport[0m { [33mExecutiveContextBar[0m } [36mfrom[0m [32m"./executive-context-bar"[0m;
  [90m3 |[0m [36mimport[0m { [33mExecutiveSystemDashboard[0m } [36mfrom[0m [32m"./executive-system-dashboard"[0m;
[31m[1m>[0m [90m4 |[0m [36mimport[0m { [33mExecutiveProjectDashboard[0m } [36mfrom[0m [32m"./executive-project-dashboard"[0m;
  [90m  |[0m [31m[1m^^^^^^^^^^^^^^^^^^^^^^^^^^^^^^^^^^^^^^^^^^^^^^^^^^^^^^^^^^^^^^^^^^^^^^^^^^[0m
  [90m5 |[0m
  [90m6 |[0m [36mexport[0m [36mfunction[0m [33mExecutiveDashboard[0m({ data }: { data: [33mDashboardData[0m }) {
  [90m7 |[0m   [36mreturn[0m (



Import trace:
  Server Component:
    ./src/components/dashboard/executive/executive-dashboard.tsx
    ./src/app/(dashboard)/dashboard/page.tsx

https://nextjs.org/docs/messages/module-not-found


⨯ ./src/components/dashboard/executive/executive-dashboard.tsx:4:1
Module not found: Can't resolve './executive-project-dashboard'
  [90m2 |[0m [36mimport[0m { [33mExecutiveContextBar[0m } [36mfrom[0m [32m"./executive-context-bar"[0m;
  [90m3 |[0m [36mimport[0m { [33mExecutiveSystemDashboard[0m } [36mfrom[0m [32m"./executive-system-dashboard"[0m;
[31m[1m>[0m [90m4 |[0m [36mimport[0m { [33mExecutiveProjectDashboard[0m } [36mfrom[0m [32m"./executive-project-dashboard"[0m;
  [90m  |[0m [31m[1m^^^^^^^^^^^^^^^^^^^^^^^^^^^^^^^^^^^^^^^^^^^^^^^^^^^^^^^^^^^^^^^^^^^^^^^^^^[0m
  [90m5 |[0m
  [90m6 |[0m [36mexport[0m [36mfunction[0m [33mExecutiveDashboard[0m({ data }: { data: [33mDashboardData[0m }) {
  [90m7 |[0m   [36mreturn[0m (



Import trace:
  Server Component:
    ./src/components/dashboard/executive/executive-dashboard.tsx
    ./src/app/(dashboard)/dashboard/page.tsx

https://nextjs.org/docs/messages/module-not-found


⨯ ./src/components/dashboard/executive/executive-dashboard.tsx:3:1
Module not found: Can't resolve './executive-system-dashboard'
  [90m1 |[0m [36mimport[0m [36mtype[0m { [33mDashboardData[0m } [36mfrom[0m [32m"@/lib/dashboard/dashboard-queries"[0m;
  [90m2 |[0m [36mimport[0m { [33mExecutiveContextBar[0m } [36mfrom[0m [32m"./executive-context-bar"[0m;
[31m[1m>[0m [90m3 |[0m [36mimport[0m { [33mExecutiveSystemDashboard[0m } [36mfrom[0m [32m"./executive-system-dashboard"[0m;
  [90m  |[0m [31m[1m^^^^^^^^^^^^^^^^^^^^^^^^^^^^^^^^^^^^^^^^^^^^^^^^^^^^^^^^^^^^^^^^^^^^^^^^[0m
  [90m4 |[0m [36mimport[0m { [33mExecutiveProjectDashboard[0m } [36mfrom[0m [32m"./executive-project-dashboard"[0m;
  [90m5 |[0m
  [90m6 |[0m [36mexport[0m [36mfunction[0m [33mExecutiveDashboard[0m({ data }: { data: [33mDashboardData[0m }) {



Import trace:
  Server Component:
    ./src/components/dashboard/executive/executive-dashboard.tsx
    ./src/app/(dashboard)/dashboard/page.tsx

https://nextjs.org/docs/messages/module-not-found


⨯ ./src/components/dashboard/executive/executive-dashboard.tsx:3:1
Module not found: Can't resolve './executive-system-dashboard'
  [90m1 |[0m [36mimport[0m [36mtype[0m { [33mDashboardData[0m } [36mfrom[0m [32m"@/lib/dashboard/dashboard-queries"[0m;
  [90m2 |[0m [36mimport[0m { [33mExecutiveContextBar[0m } [36mfrom[0m [32m"./executive-context-bar"[0m;
[31m[1m>[0m [90m3 |[0m [36mimport[0m { [33mExecutiveSystemDashboard[0m } [36mfrom[0m [32m"./executive-system-dashboard"[0m;
  [90m  |[0m [31m[1m^^^^^^^^^^^^^^^^^^^^^^^^^^^^^^^^^^^^^^^^^^^^^^^^^^^^^^^^^^^^^^^^^^^^^^^^[0m
  [90m4 |[0m [36mimport[0m { [33mExecutiveProjectDashboard[0m } [36mfrom[0m [32m"./executive-project-dashboard"[0m;
  [90m5 |[0m
  [90m6 |[0m [36mexport[0m [36mfunction[0m [33mExecutiveDashboard[0m({ data }: { data: [33mDashboardData[0m }) {



Import trace:
  Server Component:
    ./src/components/dashboard/executive/executive-dashboard.tsx
    ./src/app/(dashboard)/dashboard/page.tsx

https://nextjs.org/docs/messages/module-not-found


⨯ ./src/components/dashboard/executive/executive-dashboard.tsx:4:1
Module not found: Can't resolve './executive-project-dashboard'
  [90m2 |[0m [36mimport[0m { [33mExecutiveContextBar[0m } [36mfrom[0m [32m"./executive-context-bar"[0m;
  [90m3 |[0m [36mimport[0m { [33mExecutiveSystemDashboard[0m } [36mfrom[0m [32m"./executive-system-dashboard"[0m;
[31m[1m>[0m [90m4 |[0m [36mimport[0m { [33mExecutiveProjectDashboard[0m } [36mfrom[0m [32m"./executive-project-dashboard"[0m;
  [90m  |[0m [31m[1m^^^^^^^^^^^^^^^^^^^^^^^^^^^^^^^^^^^^^^^^^^^^^^^^^^^^^^^^^^^^^^^^^^^^^^^^^^[0m
  [90m5 |[0m
  [90m6 |[0m [36mexport[0m [36mfunction[0m [33mExecutiveDashboard[0m({ data }: { data: [33mDashboardData[0m }) {
  [90m7 |[0m   [36mreturn[0m (



Import trace:
  Server Component:
    ./src/components/dashboard/executive/executive-dashboard.tsx
    ./src/app/(dashboard)/dashboard/page.tsx

https://nextjs.org/docs/messages/module-not-found


⨯ ./src/components/dashboard/executive/executive-dashboard.tsx:4:1
Module not found: Can't resolve './executive-project-dashboard'
  [90m2 |[0m [36mimport[0m { [33mExecutiveContextBar[0m } [36mfrom[0m [32m"./executive-context-bar"[0m;
  [90m3 |[0m [36mimport[0m { [33mExecutiveSystemDashboard[0m } [36mfrom[0m [32m"./executive-system-dashboard"[0m;
[31m[1m>[0m [90m4 |[0m [36mimport[0m { [33mExecutiveProjectDashboard[0m } [36mfrom[0m [32m"./executive-project-dashboard"[0m;
  [90m  |[0m [31m[1m^^^^^^^^^^^^^^^^^^^^^^^^^^^^^^^^^^^^^^^^^^^^^^^^^^^^^^^^^^^^^^^^^^^^^^^^^^[0m
  [90m5 |[0m
  [90m6 |[0m [36mexport[0m [36mfunction[0m [33mExecutiveDashboard[0m({ data }: { data: [33mDashboardData[0m }) {
  [90m7 |[0m   [36mreturn[0m (



Import trace:
  Server Component:
    ./src/components/dashboard/executive/executive-dashboard.tsx
    ./src/app/(dashboard)/dashboard/page.tsx

https://nextjs.org/docs/messages/module-not-found


⨯ ./src/app/(dashboard)/dashboard/page.tsx:2:1
Module not found: Can't resolve '@/lib/dashboard/dashboard-queries'
  [90m1 |[0m [36mimport[0m { requireAuth } [36mfrom[0m [32m'@/lib/rbac'[0m;
[31m[1m>[0m [90m2 |[0m [36mimport[0m { getDashboardData } [36mfrom[0m [32m'@/lib/dashboard/dashboard-queries'[0m;
  [90m  |[0m [31m[1m^^^^^^^^^^^^^^^^^^^^^^^^^^^^^^^^^^^^^^^^^^^^^^^^^^^^^^^^^^^^^^^^^^^^^[0m
  [90m3 |[0m [36mimport[0m { [33mExecutiveDashboard[0m } [36mfrom[0m [32m'@/components/dashboard/executive/executive-dashboard'[0m;
  [90m4 |[0m [36mimport[0m { getGlobalProjectContext } [36mfrom[0m [32m'@/lib/project-context'[0m;
  [90m5 |[0m [36mimport[0m { isCompanyWideRole } [36mfrom[0m [32m'@/lib/rbac-rules'[0m;

Import map: aliased to relative './src/lib/dashboard/dashboard-queries' inside of [project]/


https://nextjs.org/docs/messages/module-not-found


⨯ ./src/app/(dashboard)/dashboard/page.tsx:2:1
Module not found: Can't resolve '@/lib/dashboard/dashboard-queries'
  [90m1 |[0m [36mimport[0m { requireAuth } [36mfrom[0m [32m'@/lib/rbac'[0m;
[31m[1m>[0m [90m2 |[0m [36mimport[0m { getDashboardData } [36mfrom[0m [32m'@/lib/dashboard/dashboard-queries'[0m;
  [90m  |[0m [31m[1m^^^^^^^^^^^^^^^^^^^^^^^^^^^^^^^^^^^^^^^^^^^^^^^^^^^^^^^^^^^^^^^^^^^^^[0m
  [90m3 |[0m [36mimport[0m { [33mExecutiveDashboard[0m } [36mfrom[0m [32m'@/components/dashboard/executive/executive-dashboard'[0m;
  [90m4 |[0m [36mimport[0m { getGlobalProjectContext } [36mfrom[0m [32m'@/lib/project-context'[0m;
  [90m5 |[0m [36mimport[0m { isCompanyWideRole } [36mfrom[0m [32m'@/lib/rbac-rules'[0m;

Import map: aliased to relative './src/lib/dashboard/dashboard-queries' inside of [project]/


https://nextjs.org/docs/messages/module-not-found


⨯ ./src/app/(dashboard)/dashboard/page.tsx:3:1
Module not found: Can't resolve '@/components/dashboard/executive/executive-dashboard'
  [90m1 |[0m [36mimport[0m { requireAuth } [36mfrom[0m [32m'@/lib/rbac'[0m;
  [90m2 |[0m [36mimport[0m { getDashboardData } [36mfrom[0m [32m'@/lib/dashboard/dashboard-queries'[0m;
[31m[1m>[0m [90m3 |[0m [36mimport[0m { [33mExecutiveDashboard[0m } [36mfrom[0m [32m'@/components/dashboard/executive/executive-dashboard'[0m;
  [90m  |[0m [31m[1m^^^^^^^^^^^^^^^^^^^^^^^^^^^^^^^^^^^^^^^^^^^^^^^^^^^^^^^^^^^^^^^^^^^^^^^^^^^^^^^^^^^^^^^^^^[0m
  [90m4 |[0m [36mimport[0m { getGlobalProjectContext } [36mfrom[0m [32m'@/lib/project-context'[0m;
  [90m5 |[0m [36mimport[0m { isCompanyWideRole } [36mfrom[0m [32m'@/lib/rbac-rules'[0m;
  [90m6 |[0m [36mimport[0m { getDefaultRouteForRole } [36mfrom[0m [32m'@/lib/roles/role-workspace-policy'[0m;

Import map: aliased to relative './src/components/dashboard/executive/executive-dashboard' inside of [project]/


https://nextjs.org/docs/messages/module-not-found


⨯ ./src/app/(dashboard)/dashboard/page.tsx:3:1
Module not found: Can't resolve '@/components/dashboard/executive/executive-dashboard'
  [90m1 |[0m [36mimport[0m { requireAuth } [36mfrom[0m [32m'@/lib/rbac'[0m;
  [90m2 |[0m [36mimport[0m { getDashboardData } [36mfrom[0m [32m'@/lib/dashboard/dashboard-queries'[0m;
[31m[1m>[0m [90m3 |[0m [36mimport[0m { [33mExecutiveDashboard[0m } [36mfrom[0m [32m'@/components/dashboard/executive/executive-dashboard'[0m;
  [90m  |[0m [31m[1m^^^^^^^^^^^^^^^^^^^^^^^^^^^^^^^^^^^^^^^^^^^^^^^^^^^^^^^^^^^^^^^^^^^^^^^^^^^^^^^^^^^^^^^^^^[0m
  [90m4 |[0m [36mimport[0m { getGlobalProjectContext } [36mfrom[0m [32m'@/lib/project-context'[0m;
  [90m5 |[0m [36mimport[0m { isCompanyWideRole } [36mfrom[0m [32m'@/lib/rbac-rules'[0m;
  [90m6 |[0m [36mimport[0m { getDefaultRouteForRole } [36mfrom[0m [32m'@/lib/roles/role-workspace-policy'[0m;

Import map: aliased to relative './src/components/dashboard/executive/executive-dashboard' inside of [project]/


https://nextjs.org/docs/messages/module-not-found


⨯ ./src/app/(dashboard)/dashboard/page.tsx:4:1
Module not found: Can't resolve '@/components/dashboard/executive/executive-dashboard'
  [90m2 |[0m [36mimport[0m { getDashboardData } [36mfrom[0m [32m'@/lib/dashboard/dashboard-queries'[0m;
  [90m3 |[0m [36mimport[0m { [33mOperationalDashboard[0m } [36mfrom[0m [32m'@/components/dashboard/operational-dashboard'[0m;
[31m[1m>[0m [90m4 |[0m [36mimport[0m { [33mExecutiveDashboard[0m } [36mfrom[0m [32m'@/components/dashboard/executive/executive-dashboard'[0m;
  [90m  |[0m [31m[1m^^^^^^^^^^^^^^^^^^^^^^^^^^^^^^^^^^^^^^^^^^^^^^^^^^^^^^^^^^^^^^^^^^^^^^^^^^^^^^^^^^^^^^^^^^[0m
  [90m5 |[0m [36mimport[0m { getGlobalProjectContext } [36mfrom[0m [32m'@/lib/project-context'[0m;
  [90m6 |[0m [36mimport[0m { isCompanyWideRole } [36mfrom[0m [32m'@/lib/rbac-rules'[0m;
  [90m7 |[0m [36mimport[0m { getDefaultRouteForRole } [36mfrom[0m [32m'@/lib/roles/role-workspace-policy'[0m;

Import map: aliased to relative './src/components/dashboard/executive/executive-dashboard' inside of [project]/


https://nextjs.org/docs/messages/module-not-found


⨯ ./src/app/(dashboard)/dashboard/page.tsx:4:1
Module not found: Can't resolve '@/components/dashboard/executive/executive-dashboard'
  [90m2 |[0m [36mimport[0m { getDashboardData } [36mfrom[0m [32m'@/lib/dashboard/dashboard-queries'[0m;
  [90m3 |[0m [36mimport[0m { [33mOperationalDashboard[0m } [36mfrom[0m [32m'@/components/dashboard/operational-dashboard'[0m;
[31m[1m>[0m [90m4 |[0m [36mimport[0m { [33mExecutiveDashboard[0m } [36mfrom[0m [32m'@/components/dashboard/executive/executive-dashboard'[0m;
  [90m  |[0m [31m[1m^^^^^^^^^^^^^^^^^^^^^^^^^^^^^^^^^^^^^^^^^^^^^^^^^^^^^^^^^^^^^^^^^^^^^^^^^^^^^^^^^^^^^^^^^^[0m
  [90m5 |[0m [36mimport[0m { getGlobalProjectContext } [36mfrom[0m [32m'@/lib/project-context'[0m;
  [90m6 |[0m [36mimport[0m { isCompanyWideRole } [36mfrom[0m [32m'@/lib/rbac-rules'[0m;
  [90m7 |[0m [36mimport[0m { getDefaultRouteForRole } [36mfrom[0m [32m'@/lib/roles/role-workspace-policy'[0m;

Import map: aliased to relative './src/components/dashboard/executive/executive-dashboard' inside of [project]/


https://nextjs.org/docs/messages/module-not-found


