▲ Next.js 16.2.7 (Turbopack)
- Local:         http://localhost:3100
- Network:       http://192.168.0.102:3100
- Environments: .env
✓ Ready in 634ms

  We detected TypeScript in your project and reconfigured your tsconfig.json file for you.
  The following suggested values were added to your tsconfig.json. These values can be changed to fit your project's needs:

  	- include was updated to add '.next-role-dashboard-removal/types/**/*.ts'
  	- include was updated to add '.next-role-dashboard-removal/dev/types/**/*.ts'

- Experiments (use with caution):
  · proxyClientMaxBodySize: "100mb"

○ Compiling /login ...
 GET /login 200 in 9.2s (next.js: 8.7s, proxy.ts: 130ms, application-code: 338ms)
○ Compiling /dashboard ...
 GET /dashboard 200 in 12.5s (next.js: 5.3s, proxy.ts: 14ms, application-code: 7.2s)
 GET /login 200 in 252ms (next.js: 68ms, proxy.ts: 58ms, application-code: 126ms)
 POST /api/auth/logout 200 in 598ms (next.js: 537ms, proxy.ts: 9ms, application-code: 52ms)
 GET /login 200 in 65ms (next.js: 8ms, proxy.ts: 6ms, application-code: 51ms)
 GET /login 200 in 109ms (next.js: 34ms, proxy.ts: 16ms, application-code: 59ms)
 POST /api/auth/login 200 in 554ms (next.js: 187ms, proxy.ts: 5ms, application-code: 362ms)
 GET /dashboard 200 in 465ms (next.js: 43ms, proxy.ts: 38ms, application-code: 384ms)
 GET /dashboard 200 in 619ms (next.js: 8ms, proxy.ts: 8ms, application-code: 603ms)
 POST /api/auth/logout 200 in 24ms (next.js: 6ms, proxy.ts: 7ms, application-code: 11ms)
 GET /login 200 in 72ms (next.js: 6ms, proxy.ts: 7ms, application-code: 59ms)
 GET /login 200 in 73ms (next.js: 36ms, proxy.ts: 7ms, application-code: 30ms)
 POST /api/auth/login 200 in 340ms (next.js: 7ms, proxy.ts: 10ms, application-code: 323ms)
 GET /dashboard 200 in 488ms (next.js: 13ms, proxy.ts: 11ms, application-code: 463ms)
 GET /dashboard 200 in 566ms (next.js: 12ms, proxy.ts: 8ms, application-code: 547ms)
 POST /api/auth/logout 200 in 27ms (next.js: 6ms, proxy.ts: 6ms, application-code: 14ms)
 GET /login 200 in 346ms (next.js: 105ms, proxy.ts: 19ms, application-code: 221ms)
 GET /login 200 in 346ms (next.js: 22ms, proxy.ts: 19ms, application-code: 305ms)
 POST /api/auth/login 200 in 483ms (next.js: 15ms, proxy.ts: 11ms, application-code: 457ms)
 GET /dashboard 200 in 1642ms (next.js: 10ms, proxy.ts: 8ms, application-code: 1624ms)
 GET /dashboard 200 in 1357ms (next.js: 80ms, proxy.ts: 35ms, application-code: 1242ms)
✓ Compiled in 160ms
 GET /dashboard 200 in 525ms (next.js: 19ms, proxy.ts: 196ms, application-code: 310ms)
 GET /dashboard 200 in 901ms (next.js: 179ms, proxy.ts: 78ms, application-code: 644ms)
 GET /dashboard 200 in 2.5s (next.js: 18ms, proxy.ts: 291ms, application-code: 2.2s)
✓ Compiled in 184ms
✓ Compiled in 152ms
 GET /dashboard 200 in 2.8s (next.js: 319ms, proxy.ts: 63ms, application-code: 2.4s)
 GET /dashboard 200 in 2.4s (next.js: 233ms, proxy.ts: 141ms, application-code: 1981ms)
 GET /dashboard 200 in 1938ms (next.js: 341ms, proxy.ts: 182ms, application-code: 1415ms)
 GET /dashboard 200 in 1918ms (next.js: 497ms, proxy.ts: 160ms, application-code: 1261ms)
 GET /dashboard 200 in 1917ms (next.js: 558ms, proxy.ts: 159ms, application-code: 1200ms)
 GET /dashboard 200 in 1924ms (next.js: 444ms, proxy.ts: 163ms, application-code: 1317ms)
 GET /dashboard 200 in 1149ms (next.js: 13ms, proxy.ts: 71ms, application-code: 1065ms)
 GET /dashboard 200 in 1077ms (next.js: 26ms, proxy.ts: 86ms, application-code: 964ms)
 GET /dashboard 200 in 884ms (next.js: 53ms, proxy.ts: 133ms, application-code: 699ms)
 GET /dashboard 200 in 511ms (next.js: 69ms, proxy.ts: 57ms, application-code: 385ms)
✓ Compiled in 140ms
 GET /dashboard 200 in 509ms (next.js: 179ms, proxy.ts: 52ms, application-code: 278ms)
✓ Compiled in 252ms
✓ Compiled in 1135ms
 GET /dashboard 200 in 1231ms (next.js: 195ms, proxy.ts: 27ms, application-code: 1009ms)
 GET /dashboard 200 in 1234ms (next.js: 154ms, proxy.ts: 27ms, application-code: 1053ms)
 GET /dashboard 200 in 3.5s (next.js: 1480ms, proxy.ts: 651ms, application-code: 1365ms)
 GET /dashboard 200 in 1259ms (next.js: 16ms, proxy.ts: 33ms, application-code: 1211ms)
 GET /dashboard 200 in 1258ms (next.js: 106ms, proxy.ts: 30ms, application-code: 1121ms)
 GET /dashboard 200 in 5.3s (next.js: 483ms, proxy.ts: 115ms, application-code: 4.7s)
 GET /dashboard 200 in 425ms (next.js: 67ms, proxy.ts: 10ms, application-code: 348ms)
 GET /dashboard 200 in 428ms (next.js: 18ms, proxy.ts: 10ms, application-code: 400ms)
✓ Compiled in 259ms
 GET /dashboard 200 in 633ms (next.js: 245ms, proxy.ts: 81ms, application-code: 306ms)
✓ Compiled in 352ms
 GET /dashboard 200 in 1219ms (next.js: 352ms, proxy.ts: 132ms, application-code: 734ms)
 POST /api/auth/logout 200 in 79ms (next.js: 55ms, proxy.ts: 5ms, application-code: 19ms)
 GET /login 200 in 135ms (next.js: 97ms, proxy.ts: 4ms, application-code: 34ms)
 GET /login 200 in 43ms (next.js: 7ms, proxy.ts: 8ms, application-code: 27ms)
 POST /api/auth/login 200 in 391ms (next.js: 63ms, proxy.ts: 6ms, application-code: 323ms)
 GET /reports/weekly-inspection 200 in 1483ms (next.js: 1050ms, proxy.ts: 6ms, application-code: 427ms)
 GET /reports/weekly-inspection 200 in 317ms (next.js: 34ms, proxy.ts: 28ms, application-code: 256ms)
 GET /dashboard 200 in 366ms (next.js: 9ms, proxy.ts: 5ms, application-code: 353ms)
 GET /reports/weekly-inspection 200 in 265ms (next.js: 9ms, proxy.ts: 7ms, application-code: 250ms)
 POST /api/auth/logout 200 in 28ms (next.js: 6ms, proxy.ts: 6ms, application-code: 16ms)
 GET /login 200 in 41ms (next.js: 9ms, proxy.ts: 6ms, application-code: 26ms)
 GET /login 200 in 69ms (next.js: 30ms, proxy.ts: 10ms, application-code: 29ms)
 POST /api/auth/login 200 in 317ms (next.js: 6ms, proxy.ts: 6ms, application-code: 304ms)
 GET /reports/weekly-inspection 200 in 232ms (next.js: 9ms, proxy.ts: 6ms, application-code: 216ms)
 GET /reports/weekly-inspection 200 in 146ms (next.js: 13ms, proxy.ts: 30ms, application-code: 103ms)
 GET /dashboard 200 in 154ms (next.js: 4ms, proxy.ts: 4ms, application-code: 145ms)
 GET /reports/weekly-inspection 200 in 222ms (next.js: 7ms, proxy.ts: 7ms, application-code: 208ms)
 POST /api/auth/logout 200 in 41ms (next.js: 7ms, proxy.ts: 7ms, application-code: 27ms)
 GET /login 200 in 41ms (next.js: 7ms, proxy.ts: 7ms, application-code: 27ms)
 GET /login 200 in 57ms (next.js: 8ms, proxy.ts: 9ms, application-code: 40ms)
 POST /api/auth/login 200 in 331ms (next.js: 7ms, proxy.ts: 8ms, application-code: 317ms)
 GET /projects 200 in 1036ms (next.js: 746ms, proxy.ts: 6ms, application-code: 284ms)
 GET /projects 200 in 178ms (next.js: 22ms, proxy.ts: 44ms, application-code: 113ms)
 GET /dashboard 200 in 129ms (next.js: 8ms, proxy.ts: 4ms, application-code: 117ms)
 GET /projects 200 in 472ms (next.js: 11ms, proxy.ts: 7ms, application-code: 454ms)
 POST /api/auth/logout 200 in 35ms (next.js: 6ms, proxy.ts: 9ms, application-code: 20ms)
 GET /login 200 in 41ms (next.js: 10ms, proxy.ts: 6ms, application-code: 25ms)
 GET /login 200 in 52ms (next.js: 8ms, proxy.ts: 8ms, application-code: 36ms)
 POST /api/auth/login 200 in 355ms (next.js: 9ms, proxy.ts: 5ms, application-code: 341ms)
 GET /projects 200 in 357ms (next.js: 8ms, proxy.ts: 10ms, application-code: 339ms)
 GET /projects 200 in 231ms (next.js: 25ms, proxy.ts: 45ms, application-code: 161ms)
 GET /dashboard 200 in 141ms (next.js: 6ms, proxy.ts: 7ms, application-code: 129ms)
 GET /projects 200 in 226ms (next.js: 9ms, proxy.ts: 4ms, application-code: 213ms)
 POST /api/auth/logout 200 in 24ms (next.js: 6ms, proxy.ts: 6ms, application-code: 12ms)
 GET /login 200 in 42ms (next.js: 8ms, proxy.ts: 7ms, application-code: 28ms)
 GET /login 200 in 65ms (next.js: 10ms, proxy.ts: 8ms, application-code: 47ms)
 POST /api/auth/login 200 in 937ms (next.js: 207ms, proxy.ts: 9ms, application-code: 721ms)
 GET /tasks?mine=1 200 in 1579ms (next.js: 1258ms, proxy.ts: 8ms, application-code: 313ms)
 GET /tasks?mine=1 200 in 320ms (next.js: 48ms, proxy.ts: 63ms, application-code: 209ms)
 GET /dashboard 200 in 645ms (next.js: 38ms, proxy.ts: 16ms, application-code: 590ms)
 GET /tasks?mine=1 200 in 413ms (next.js: 5ms, proxy.ts: 7ms, application-code: 401ms)
 POST /api/auth/logout 200 in 76ms (next.js: 34ms, proxy.ts: 15ms, application-code: 27ms)
 GET /login 200 in 64ms (next.js: 18ms, proxy.ts: 8ms, application-code: 38ms)
 GET /login 200 in 64ms (next.js: 11ms, proxy.ts: 9ms, application-code: 43ms)
 POST /api/auth/login 200 in 728ms (next.js: 53ms, proxy.ts: 14ms, application-code: 661ms)
 GET /tasks?mine=1 200 in 251ms (next.js: 11ms, proxy.ts: 9ms, application-code: 230ms)
 GET /tasks?mine=1 200 in 210ms (next.js: 23ms, proxy.ts: 30ms, application-code: 156ms)
 GET /dashboard 200 in 197ms (next.js: 9ms, proxy.ts: 9ms, application-code: 179ms)
 GET /tasks?mine=1 200 in 673ms (next.js: 80ms, proxy.ts: 12ms, application-code: 580ms)
 GET /dashboard 200 in 294ms (next.js: 7ms, proxy.ts: 4ms, application-code: 282ms)
 GET /tasks?mine=1 200 in 367ms (next.js: 17ms, proxy.ts: 9ms, application-code: 341ms)
 POST /api/auth/logout 200 in 40ms (next.js: 7ms, proxy.ts: 13ms, application-code: 20ms)
 GET /login 200 in 100ms (next.js: 10ms, proxy.ts: 8ms, application-code: 81ms)
 GET /login 200 in 80ms (next.js: 6ms, proxy.ts: 22ms, application-code: 53ms)
 POST /api/auth/login 200 in 596ms (next.js: 8ms, proxy.ts: 10ms, application-code: 578ms)
 GET /reports/weekly-inspection 200 in 1849ms (next.js: 18ms, proxy.ts: 21ms, application-code: 1810ms)
 GET /reports/weekly-inspection 200 in 1621ms (next.js: 277ms, proxy.ts: 154ms, application-code: 1191ms)
 GET /dashboard 200 in 393ms (next.js: 14ms, proxy.ts: 8ms, application-code: 370ms)
 GET /reports/weekly-inspection 200 in 1242ms (next.js: 26ms, proxy.ts: 21ms, application-code: 1196ms)
 POST /api/auth/logout 200 in 60ms (next.js: 17ms, proxy.ts: 15ms, application-code: 28ms)
 GET /login 200 in 215ms (next.js: 29ms, proxy.ts: 10ms, application-code: 176ms)
 GET /login 200 in 130ms (next.js: 15ms, proxy.ts: 25ms, application-code: 89ms)
 POST /api/auth/login 200 in 606ms (next.js: 12ms, proxy.ts: 13ms, application-code: 580ms)
 GET /reports/weekly-inspection 200 in 623ms (next.js: 26ms, proxy.ts: 20ms, application-code: 577ms)
 GET /reports/weekly-inspection 200 in 465ms (next.js: 35ms, proxy.ts: 67ms, application-code: 363ms)
 GET /dashboard 200 in 935ms (next.js: 12ms, proxy.ts: 17ms, application-code: 906ms)
 GET /reports/weekly-inspection 200 in 555ms (next.js: 18ms, proxy.ts: 13ms, application-code: 523ms)
 POST /api/auth/logout 200 in 60ms (next.js: 17ms, proxy.ts: 17ms, application-code: 26ms)
 GET /login 200 in 522ms (next.js: 28ms, proxy.ts: 10ms, application-code: 484ms)
 GET /login 200 in 113ms (next.js: 24ms, proxy.ts: 23ms, application-code: 66ms)
 POST /api/auth/login 200 in 526ms (next.js: 12ms, proxy.ts: 15ms, application-code: 500ms)
 GET /projects 200 in 1061ms (next.js: 12ms, proxy.ts: 16ms, application-code: 1034ms)
 GET /projects 200 in 688ms (next.js: 36ms, proxy.ts: 43ms, application-code: 608ms)
 GET /dashboard 200 in 516ms (next.js: 15ms, proxy.ts: 9ms, application-code: 492ms)
 GET /projects 200 in 1139ms (next.js: 17ms, proxy.ts: 13ms, application-code: 1109ms)
 POST /api/auth/logout 200 in 50ms (next.js: 12ms, proxy.ts: 12ms, application-code: 27ms)
 GET /login 200 in 76ms (next.js: 17ms, proxy.ts: 8ms, application-code: 51ms)
 GET /login 200 in 795ms (next.js: 67ms, proxy.ts: 9ms, application-code: 719ms)
 POST /api/auth/login 200 in 563ms (next.js: 11ms, proxy.ts: 25ms, application-code: 527ms)
 GET /projects 200 in 871ms (next.js: 9ms, proxy.ts: 13ms, application-code: 848ms)
 GET /projects 200 in 656ms (next.js: 53ms, proxy.ts: 37ms, application-code: 566ms)
 GET /dashboard 200 in 516ms (next.js: 11ms, proxy.ts: 9ms, application-code: 496ms)
 GET /projects 200 in 857ms (next.js: 18ms, proxy.ts: 18ms, application-code: 821ms)
 POST /api/auth/logout 200 in 74ms (next.js: 32ms, proxy.ts: 18ms, application-code: 23ms)
 GET /login 200 in 264ms (next.js: 34ms, proxy.ts: 9ms, application-code: 221ms)
 GET /login 200 in 511ms (next.js: 17ms, proxy.ts: 16ms, application-code: 478ms)
 POST /api/auth/login 200 in 1116ms (next.js: 13ms, proxy.ts: 12ms, application-code: 1091ms)
 GET /tasks?mine=1 200 in 2.2s (next.js: 157ms, proxy.ts: 25ms, application-code: 1977ms)
 GET /tasks?mine=1 200 in 1470ms (next.js: 393ms, proxy.ts: 419ms, application-code: 658ms)
 GET /dashboard 200 in 619ms (next.js: 8ms, proxy.ts: 9ms, application-code: 602ms)
 GET /tasks?mine=1 200 in 368ms (next.js: 15ms, proxy.ts: 15ms, application-code: 338ms)
 POST /api/auth/logout 200 in 41ms (next.js: 6ms, proxy.ts: 15ms, application-code: 21ms)
 GET /login 200 in 83ms (next.js: 18ms, proxy.ts: 11ms, application-code: 54ms)
 GET /login 200 in 66ms (next.js: 5ms, proxy.ts: 4ms, application-code: 57ms)
 POST /api/auth/login 200 in 629ms (next.js: 10ms, proxy.ts: 5ms, application-code: 614ms)
 GET /tasks?mine=1 200 in 663ms (next.js: 15ms, proxy.ts: 8ms, application-code: 640ms)
 GET /tasks?mine=1 200 in 495ms (next.js: 129ms, proxy.ts: 56ms, application-code: 311ms)
 GET /dashboard 200 in 319ms (next.js: 19ms, proxy.ts: 12ms, application-code: 288ms)
 GET /tasks?mine=1 200 in 498ms (next.js: 12ms, proxy.ts: 15ms, application-code: 471ms)
 POST /api/auth/logout 200 in 43ms (next.js: 9ms, proxy.ts: 7ms, application-code: 26ms)
 GET /login 200 in 142ms (next.js: 14ms, proxy.ts: 6ms, application-code: 122ms)
 GET /login 200 in 138ms (next.js: 20ms, proxy.ts: 52ms, application-code: 67ms)
 POST /api/auth/login 200 in 579ms (next.js: 11ms, proxy.ts: 10ms, application-code: 557ms)
 GET /dashboard 200 in 1148ms (next.js: 9ms, proxy.ts: 9ms, application-code: 1131ms)
 GET /dashboard 200 in 981ms (next.js: 23ms, proxy.ts: 22ms, application-code: 937ms)
 POST /api/auth/logout 200 in 43ms (next.js: 9ms, proxy.ts: 10ms, application-code: 24ms)
 GET /login 200 in 151ms (next.js: 11ms, proxy.ts: 11ms, application-code: 129ms)
 GET /login 200 in 147ms (next.js: 60ms, proxy.ts: 8ms, application-code: 79ms)
 POST /api/auth/login 200 in 523ms (next.js: 33ms, proxy.ts: 19ms, application-code: 471ms)
 GET /dashboard 200 in 2.2s (next.js: 35ms, proxy.ts: 16ms, application-code: 2.1s)
 GET /dashboard 200 in 1931ms (next.js: 177ms, proxy.ts: 242ms, application-code: 1513ms)
 POST /api/auth/logout 200 in 22ms (next.js: 6ms, proxy.ts: 5ms, application-code: 12ms)
 GET /login 200 in 70ms (next.js: 10ms, proxy.ts: 18ms, application-code: 42ms)
 GET /login 200 in 115ms (next.js: 59ms, proxy.ts: 12ms, application-code: 43ms)
 POST /api/auth/login 200 in 581ms (next.js: 6ms, proxy.ts: 15ms, application-code: 559ms)
 GET /dashboard 200 in 1456ms (next.js: 131ms, proxy.ts: 26ms, application-code: 1299ms)
 GET /dashboard 200 in 1460ms (next.js: 27ms, proxy.ts: 25ms, application-code: 1408ms)
 POST /api/auth/logout 200 in 28ms (next.js: 5ms, proxy.ts: 5ms, application-code: 19ms)
 GET /login 200 in 54ms (next.js: 14ms, proxy.ts: 11ms, application-code: 30ms)
 GET /login 200 in 85ms (next.js: 46ms, proxy.ts: 11ms, application-code: 28ms)
 POST /api/auth/login 200 in 515ms (next.js: 9ms, proxy.ts: 15ms, application-code: 490ms)
 GET /tasks?mine=1 200 in 482ms (next.js: 12ms, proxy.ts: 7ms, application-code: 462ms)
 GET /tasks?mine=1 200 in 429ms (next.js: 29ms, proxy.ts: 43ms, application-code: 358ms)
 GET /tasks?mine=1 200 in 501ms (next.js: 77ms, proxy.ts: 7ms, application-code: 417ms)
 GET /tasks?mine=1 200 in 677ms (next.js: 5ms, proxy.ts: 5ms, application-code: 666ms)
 GET /tasks?mine=1 200 in 221ms (next.js: 10ms, proxy.ts: 8ms, application-code: 203ms)
 GET /tasks?mine=1 200 in 210ms (next.js: 11ms, proxy.ts: 12ms, application-code: 187ms)
 GET /tasks?mine=1 200 in 1130ms (next.js: 25ms, proxy.ts: 14ms, application-code: 1090ms)
 GET /tasks?mine=1 200 in 589ms (next.js: 23ms, proxy.ts: 10ms, application-code: 557ms)
 GET /dashboard?projectId=63e5957b-f1c2-4a1f-a1de-d7c27f899f88 200 in 283ms (next.js: 13ms, proxy.ts: 10ms, application-code: 260ms)
 GET /tasks?mine=1 200 in 267ms (next.js: 7ms, proxy.ts: 9ms, application-code: 252ms)
 GET /tasks?mine=1&projectId=63e5957b-f1c2-4a1f-a1de-d7c27f899f88 200 in 258ms (next.js: 13ms, proxy.ts: 10ms, application-code: 235ms)
 POST /api/auth/logout 200 in 62ms (next.js: 11ms, proxy.ts: 23ms, application-code: 28ms)
 GET /login 200 in 157ms (next.js: 19ms, proxy.ts: 12ms, application-code: 126ms)
 GET /login 200 in 73ms (next.js: 6ms, proxy.ts: 9ms, application-code: 58ms)
 GET /login?next=%2Fusers 200 in 167ms (next.js: 11ms, proxy.ts: 6ms, application-code: 150ms)
 POST /api/auth/login 200 in 534ms (next.js: 9ms, proxy.ts: 8ms, application-code: 517ms)
 GET /tasks?mine=1 200 in 704ms (next.js: 13ms, proxy.ts: 5ms, application-code: 686ms)
 GET /tasks?mine=1 200 in 496ms (next.js: 127ms, proxy.ts: 11ms, application-code: 357ms)
 POST /api/auth/logout 200 in 36ms (next.js: 12ms, proxy.ts: 10ms, application-code: 14ms)
 GET /login 200 in 50ms (next.js: 13ms, proxy.ts: 5ms, application-code: 32ms)
 GET /login 200 in 58ms (next.js: 7ms, proxy.ts: 6ms, application-code: 46ms)
 GET /login?next=%2Freports 200 in 218ms (next.js: 14ms, proxy.ts: 4ms, application-code: 200ms)
 POST /api/auth/login 200 in 477ms (next.js: 10ms, proxy.ts: 17ms, application-code: 449ms)
 GET /reports 200 in 2.1s (next.js: 1609ms, proxy.ts: 10ms, application-code: 450ms)
 GET /reports 200 in 351ms (next.js: 30ms, proxy.ts: 115ms, application-code: 206ms)
 POST /api/auth/logout 200 in 47ms (next.js: 9ms, proxy.ts: 11ms, application-code: 27ms)
 GET /login 200 in 66ms (next.js: 12ms, proxy.ts: 18ms, application-code: 35ms)
 GET /login 200 in 60ms (next.js: 13ms, proxy.ts: 7ms, application-code: 40ms)
 POST /api/auth/login 200 in 594ms (next.js: 10ms, proxy.ts: 44ms, application-code: 540ms)
 GET /dashboard 200 in 2.1s (next.js: 12ms, proxy.ts: 8ms, application-code: 2.1s)
 GET /dashboard 200 in 1951ms (next.js: 234ms, proxy.ts: 84ms, application-code: 1633ms)
 GET /login 200 in 85ms (next.js: 10ms, proxy.ts: 6ms, application-code: 69ms)
 POST /api/auth/login 400 in 23ms (next.js: 5ms, proxy.ts: 8ms, application-code: 10ms)
 POST /api/auth/login 200 in 514ms (next.js: 10ms, proxy.ts: 11ms, application-code: 493ms)
 GET /dashboard 200 in 2.2s (next.js: 20ms, proxy.ts: 23ms, application-code: 2.1s)
 POST /api/auth/login 200 in 279ms (next.js: 5ms, proxy.ts: 4ms, application-code: 270ms)
 GET /dashboard 200 in 274ms (next.js: 5ms, proxy.ts: 4ms, application-code: 264ms)
 POST /api/auth/login 200 in 284ms (next.js: 4ms, proxy.ts: 5ms, application-code: 274ms)
 GET /dashboard 200 in 268ms (next.js: 7ms, proxy.ts: 6ms, application-code: 255ms)
 POST /api/auth/login 200 in 259ms (next.js: 3ms, proxy.ts: 3ms, application-code: 252ms)
 GET /dashboard 200 in 93ms (next.js: 5ms, proxy.ts: 3ms, application-code: 85ms)
 GET /reports/weekly-inspection 200 in 165ms (next.js: 5ms, proxy.ts: 5ms, application-code: 156ms)
 POST /api/auth/login 200 in 267ms (next.js: 5ms, proxy.ts: 4ms, application-code: 259ms)
 GET /dashboard 200 in 135ms (next.js: 7ms, proxy.ts: 6ms, application-code: 122ms)
 GET /reports/weekly-inspection 200 in 162ms (next.js: 9ms, proxy.ts: 5ms, application-code: 148ms)
 POST /api/auth/login 200 in 275ms (next.js: 4ms, proxy.ts: 4ms, application-code: 266ms)
 GET /dashboard 200 in 100ms (next.js: 8ms, proxy.ts: 4ms, application-code: 88ms)
 GET /projects 200 in 146ms (next.js: 6ms, proxy.ts: 3ms, application-code: 136ms)
 POST /api/auth/login 200 in 275ms (next.js: 4ms, proxy.ts: 5ms, application-code: 266ms)
 GET /dashboard 200 in 93ms (next.js: 5ms, proxy.ts: 3ms, application-code: 85ms)
 GET /projects 200 in 177ms (next.js: 8ms, proxy.ts: 5ms, application-code: 165ms)
 POST /api/auth/login 200 in 258ms (next.js: 4ms, proxy.ts: 3ms, application-code: 251ms)
 GET /dashboard 200 in 103ms (next.js: 6ms, proxy.ts: 3ms, application-code: 93ms)
 GET /tasks?mine=1 200 in 111ms (next.js: 7ms, proxy.ts: 11ms, application-code: 93ms)
 POST /api/auth/login 200 in 254ms (next.js: 3ms, proxy.ts: 3ms, application-code: 248ms)
 GET /dashboard 200 in 95ms (next.js: 5ms, proxy.ts: 3ms, application-code: 86ms)
 GET /tasks?mine=1 200 in 118ms (next.js: 8ms, proxy.ts: 5ms, application-code: 105ms)
 POST /api/auth/login 200 in 268ms (next.js: 3ms, proxy.ts: 3ms, application-code: 262ms)
 GET /tasks?mine=1&projectId=63e5957b-f1c2-4a1f-a1de-d7c27f899f88 200 in 153ms (next.js: 8ms, proxy.ts: 3ms, application-code: 141ms)
 POST /api/auth/login 200 in 293ms (next.js: 4ms, proxy.ts: 5ms, application-code: 285ms)
 GET /dashboard 200 in 459ms (next.js: 5ms, proxy.ts: 5ms, application-code: 449ms)
 POST /api/auth/login 200 in 274ms (next.js: 4ms, proxy.ts: 6ms, application-code: 264ms)
 GET /dashboard 200 in 280ms (next.js: 5ms, proxy.ts: 5ms, application-code: 270ms)
 POST /api/auth/login 200 in 269ms (next.js: 4ms, proxy.ts: 9ms, application-code: 256ms)
 GET /dashboard 200 in 243ms (next.js: 5ms, proxy.ts: 7ms, application-code: 231ms)
 POST /api/auth/login 200 in 266ms (next.js: 3ms, proxy.ts: 8ms, application-code: 256ms)
 GET /dashboard 200 in 102ms (next.js: 5ms, proxy.ts: 3ms, application-code: 94ms)
 GET /reports/weekly-inspection 200 in 180ms (next.js: 10ms, proxy.ts: 10ms, application-code: 160ms)
 POST /api/auth/login 200 in 278ms (next.js: 3ms, proxy.ts: 5ms, application-code: 270ms)
 GET /dashboard 200 in 165ms (next.js: 9ms, proxy.ts: 5ms, application-code: 151ms)
 GET /reports/weekly-inspection 200 in 177ms (next.js: 7ms, proxy.ts: 4ms, application-code: 166ms)
 POST /api/auth/login 200 in 296ms (next.js: 7ms, proxy.ts: 7ms, application-code: 282ms)
 GET /dashboard 200 in 115ms (next.js: 7ms, proxy.ts: 6ms, application-code: 102ms)
 GET /projects 200 in 213ms (next.js: 5ms, proxy.ts: 5ms, application-code: 203ms)
 POST /api/auth/login 200 in 269ms (next.js: 5ms, proxy.ts: 3ms, application-code: 261ms)
 GET /dashboard 200 in 141ms (next.js: 7ms, proxy.ts: 4ms, application-code: 130ms)
 GET /projects 200 in 177ms (next.js: 5ms, proxy.ts: 4ms, application-code: 169ms)
 POST /api/auth/login 200 in 307ms (next.js: 5ms, proxy.ts: 5ms, application-code: 297ms)
 GET /dashboard 200 in 135ms (next.js: 7ms, proxy.ts: 6ms, application-code: 122ms)
 GET /tasks?mine=1 200 in 145ms (next.js: 8ms, proxy.ts: 6ms, application-code: 131ms)
 POST /api/auth/login 200 in 290ms (next.js: 3ms, proxy.ts: 3ms, application-code: 284ms)
 GET /dashboard 200 in 98ms (next.js: 6ms, proxy.ts: 4ms, application-code: 88ms)
 GET /tasks?mine=1 200 in 132ms (next.js: 6ms, proxy.ts: 6ms, application-code: 119ms)
 POST /api/auth/login 200 in 282ms (next.js: 6ms, proxy.ts: 3ms, application-code: 272ms)
 GET /tasks?mine=1&projectId=63e5957b-f1c2-4a1f-a1de-d7c27f899f88 200 in 94ms (next.js: 4ms, proxy.ts: 5ms, application-code: 85ms)
✓ Compiled in 141ms
 GET /dashboard 200 in 768ms (next.js: 158ms, proxy.ts: 53ms, application-code: 556ms)
 GET /dashboard 200 in 553ms (next.js: 102ms, proxy.ts: 50ms, application-code: 401ms)
 POST /api/auth/logout 200 in 61ms (next.js: 43ms, proxy.ts: 4ms, application-code: 13ms)
 GET /login 200 in 53ms (next.js: 24ms, proxy.ts: 6ms, application-code: 23ms)
 GET /login 200 in 41ms (next.js: 8ms, proxy.ts: 5ms, application-code: 28ms)
 POST /api/auth/login 200 in 457ms (next.js: 40ms, proxy.ts: 5ms, application-code: 412ms)
 GET /tasks?mine=1 200 in 405ms (next.js: 137ms, proxy.ts: 5ms, application-code: 263ms)
 GET /tasks?mine=1 200 in 217ms (next.js: 10ms, proxy.ts: 12ms, application-code: 195ms)
 GET /tasks?mine=1 200 in 190ms (next.js: 4ms, proxy.ts: 4ms, application-code: 182ms)
 GET /tasks?mine=1 200 in 184ms (next.js: 8ms, proxy.ts: 5ms, application-code: 171ms)
 GET /tasks?mine=1 200 in 141ms (next.js: 6ms, proxy.ts: 5ms, application-code: 130ms)
 GET /tasks?mine=1 200 in 143ms (next.js: 7ms, proxy.ts: 8ms, application-code: 128ms)
 GET /tasks?mine=1 200 in 107ms (next.js: 8ms, proxy.ts: 4ms, application-code: 96ms)
 GET /tasks?mine=1 200 in 105ms (next.js: 6ms, proxy.ts: 6ms, application-code: 93ms)
 GET /tasks?mine=1 200 in 134ms (next.js: 9ms, proxy.ts: 4ms, application-code: 121ms)
 POST /api/auth/login 200 in 305ms (next.js: 6ms, proxy.ts: 4ms, application-code: 296ms)
 GET /dashboard 200 in 440ms (next.js: 6ms, proxy.ts: 6ms, application-code: 429ms)
 POST /api/auth/login 200 in 277ms (next.js: 4ms, proxy.ts: 5ms, application-code: 268ms)
 GET /dashboard 200 in 297ms (next.js: 5ms, proxy.ts: 6ms, application-code: 286ms)
 POST /api/auth/login 200 in 285ms (next.js: 6ms, proxy.ts: 7ms, application-code: 272ms)
 GET /dashboard 200 in 230ms (next.js: 4ms, proxy.ts: 4ms, application-code: 221ms)
 POST /api/auth/login 200 in 285ms (next.js: 5ms, proxy.ts: 5ms, application-code: 275ms)
 GET /dashboard 200 in 143ms (next.js: 6ms, proxy.ts: 5ms, application-code: 133ms)
 GET /reports/weekly-inspection 200 in 417ms (next.js: 148ms, proxy.ts: 5ms, application-code: 265ms)
 POST /api/auth/login 200 in 294ms (next.js: 4ms, proxy.ts: 4ms, application-code: 286ms)
 GET /dashboard 200 in 90ms (next.js: 6ms, proxy.ts: 4ms, application-code: 80ms)
 GET /reports/weekly-inspection 200 in 320ms (next.js: 6ms, proxy.ts: 5ms, application-code: 309ms)
 POST /api/auth/login 200 in 300ms (next.js: 3ms, proxy.ts: 6ms, application-code: 290ms)
 GET /dashboard 200 in 152ms (next.js: 9ms, proxy.ts: 4ms, application-code: 139ms)
 GET /projects 200 in 405ms (next.js: 125ms, proxy.ts: 5ms, application-code: 275ms)
 POST /api/auth/login 200 in 299ms (next.js: 6ms, proxy.ts: 5ms, application-code: 289ms)
 GET /dashboard 200 in 134ms (next.js: 6ms, proxy.ts: 5ms, application-code: 122ms)
 GET /projects 200 in 220ms (next.js: 9ms, proxy.ts: 5ms, application-code: 206ms)
 POST /api/auth/login 200 in 302ms (next.js: 5ms, proxy.ts: 5ms, application-code: 292ms)
 GET /dashboard 200 in 129ms (next.js: 7ms, proxy.ts: 6ms, application-code: 117ms)
 GET /tasks?mine=1 200 in 102ms (next.js: 6ms, proxy.ts: 5ms, application-code: 91ms)
 POST /api/auth/login 200 in 293ms (next.js: 5ms, proxy.ts: 5ms, application-code: 283ms)
 GET /dashboard 200 in 154ms (next.js: 7ms, proxy.ts: 4ms, application-code: 142ms)
 GET /tasks?mine=1 200 in 149ms (next.js: 7ms, proxy.ts: 5ms, application-code: 136ms)
 POST /api/auth/login 200 in 276ms (next.js: 4ms, proxy.ts: 4ms, application-code: 269ms)
 GET /tasks?mine=1&projectId=63e5957b-f1c2-4a1f-a1de-d7c27f899f88 200 in 96ms (next.js: 5ms, proxy.ts: 4ms, application-code: 87ms)
