
Starting tests...
Using Project: cmr5p2iwm0009r4wk51lwxhjy, Item: seed_87ea7bfd27263c135caaaa7093
Test Case 1: Reports -> Field Progress source columns
Case 1 passed
Test Case 2: Manual Daily Entry overwrite report-source blocked
Case 2 passed
Test Case 3: Edit report 44 -> 60 kh├┤ng double count
Case 3 passed
Test Case 6: Same day multiple reports & Case 7: Multi-day date-bounded balance
Case 6 & 7 passed
Test Case 8: Over quantity server reject
Case 8 passed
Test Case 9: getProjectWorkItems/WorkPicker data ─æ├║ng project/date
Case 9 passed
Test Case 4: Reject rollback
Case 4 passed
Test Case 5: Delete/Cancel rollback
Case 5 passed
All safe tests passed. Database rolled back.
