
> construction-erp-v2@0.1.0 dev
> next dev -p 3100

▲ Next.js 16.2.7 (Turbopack)
- Local:         http://localhost:3100
- Network:       http://192.168.1.17:3100
- Environments: .env
✓ Ready in 584ms
- Experiments (use with caution):
  · proxyClientMaxBodySize: "100mb"

 GET /login 200 in 472ms (next.js: 237ms, proxy.ts: 16ms, application-code: 219ms)
 GET /login 200 in 54ms (next.js: 6ms, proxy.ts: 5ms, application-code: 42ms)
 GET /login?email=QA_SUPERVISOR_A&password=[REDACTED] 200 in 74ms (next.js: 9ms, proxy.ts: 9ms, application-code: 57ms)
  Reload env: .env
 GET /login 200 in 196ms (next.js: 72ms, proxy.ts: 36ms, application-code: 88ms)
 GET /login?email=QA_SUPERVISOR_A&password=[REDACTED] 200 in 61ms (next.js: 8ms, proxy.ts: 7ms, application-code: 46ms)
▲ Next.js 16.2.7 (Turbopack)
- Local:         http://localhost:3100
- Network:       http://192.168.1.17:3100
- Environments: .env
✓ Ready in 697ms
- Experiments (use with caution):
  · proxyClientMaxBodySize: "100mb"

  Reload env: .env
[?25h
