
> construction-erp-v2@0.1.0 dev
> next dev -p 3100

▲ Next.js 16.2.7 (Turbopack)
- Local:         http://localhost:3100
- Network:       http://192.168.1.17:3100
- Environments: .env
✓ Ready in 528ms
- Experiments (use with caution):
  · proxyClientMaxBodySize: "100mb"

 GET /login 200 in 418ms (next.js: 111ms, proxy.ts: 145ms, application-code: 162ms)
 GET /dashboard 200 in 1389ms (next.js: 84ms, proxy.ts: 4ms, application-code: 1302ms)
 GET /supervision/weekly/fac16a22-2494-46c0-a67a-87943361266d/edit 200 in 1047ms (next.js: 752ms, proxy.ts: 5ms, application-code: 290ms)
 GET /supervision/weekly/ed9c81e9-2611-4380-9e81-8d20c4b31edd/edit 200 in 1539ms (next.js: 36ms, proxy.ts: 16ms, application-code: 1487ms)
 GET /dashboard 200 in 1037ms (next.js: 76ms, proxy.ts: 11ms, application-code: 950ms)
 POST /api/auth/logout 200 in 739ms (next.js: 481ms, proxy.ts: 12ms, application-code: 246ms)
 GET /login 200 in 199ms (next.js: 47ms, proxy.ts: 13ms, application-code: 139ms)
 GET /login 200 in 299ms (next.js: 25ms, proxy.ts: 29ms, application-code: 246ms)
 GET /login 200 in 42ms (next.js: 6ms, proxy.ts: 5ms, application-code: 31ms)
 POST /api/auth/login 200 in 369ms (next.js: 49ms, proxy.ts: 6ms, application-code: 314ms)
 GET /dashboard 200 in 423ms (next.js: 10ms, proxy.ts: 13ms, application-code: 400ms)
 GET /dashboard 200 in 507ms (next.js: 9ms, proxy.ts: 5ms, application-code: 493ms)
 GET /supervision/weekly/ed9c81e9-2611-4380-9e81-8d20c4b31edd/edit 200 in 127ms (next.js: 11ms, proxy.ts: 5ms, application-code: 111ms)
 POST /supervision/weekly/ed9c81e9-2611-4380-9e81-8d20c4b31edd/edit 200 in 216ms (next.js: 10ms, proxy.ts: 4ms, application-code: 202ms)
  └─ ƒ saveSupervisionWeeklyDossier("ed9c81e9-2611-4380-9e81-8d20c4b31edd", {"entries":["[Object]"],"expectedLockVersion":1,"observations":[],"...":"8 items not stringified"}) in 118ms src/app/(dashboard)/supervision/weekly/actions.ts
 POST /supervision/weekly/ed9c81e9-2611-4380-9e81-8d20c4b31edd/edit 200 in 34ms (next.js: 11ms, proxy.ts: 4ms, application-code: 19ms)
  └─ ƒ getSupervisionWeeklySourceOptions("051f1430-616b-4476-bfd5-3d3d39b84ac0") in 12ms src/app/(dashboard)/supervision/weekly/actions.ts
 POST /supervision/weekly/ed9c81e9-2611-4380-9e81-8d20c4b31edd/edit 200 in 107ms (next.js: 11ms, proxy.ts: 4ms, application-code: 92ms)
  └─ ƒ saveSupervisionWeeklyDossier("ed9c81e9-2611-4380-9e81-8d20c4b31edd", {"entries":["[Object]"],"expectedLockVersion":2,"observations":[],"...":"8 items not stringified"}) in 32ms src/app/(dashboard)/supervision/weekly/actions.ts
 POST /supervision/weekly/ed9c81e9-2611-4380-9e81-8d20c4b31edd/edit 200 in 289ms (next.js: 10ms, proxy.ts: 3ms, application-code: 276ms)
  └─ ƒ saveSupervisionWeeklyDossier("ed9c81e9-2611-4380-9e81-8d20c4b31edd", {"entries":["[Object]"],"expectedLockVersion":3,"observations":[],"...":"8 items not stringified"}) in 103ms src/app/(dashboard)/supervision/weekly/actions.ts
 POST /supervision/weekly/ed9c81e9-2611-4380-9e81-8d20c4b31edd/edit 200 in 204ms (next.js: 13ms, proxy.ts: 5ms, application-code: 186ms)
  └─ ƒ saveSupervisionWeeklyDossier("ed9c81e9-2611-4380-9e81-8d20c4b31edd", {"entries":["[Object]"],"expectedLockVersion":4,"observations":["[Object]","[Object]","[Object]"],"...":"8 items not stringified"}) in 105ms src/app/(dashboard)/supervision/weekly/actions.ts
 GET /supervision/weekly/ed9c81e9-2611-4380-9e81-8d20c4b31edd/edit 200 in 307ms (next.js: 12ms, proxy.ts: 3ms, application-code: 292ms)
 POST /supervision/weekly/ed9c81e9-2611-4380-9e81-8d20c4b31edd/edit 200 in 106ms (next.js: 16ms, proxy.ts: 5ms, application-code: 85ms)
  └─ ƒ getSupervisionWeeklySourceOptions("051f1430-616b-4476-bfd5-3d3d39b84ac0") in 73ms src/app/(dashboard)/supervision/weekly/actions.ts
 POST /supervision/weekly/ed9c81e9-2611-4380-9e81-8d20c4b31edd/edit 200 in 44ms (next.js: 8ms, proxy.ts: 7ms, application-code: 28ms)
  └─ ƒ getSupervisionWeeklySourceOptions("051f1430-616b-4476-bfd5-3d3d39b84ac0") in 18ms src/app/(dashboard)/supervision/weekly/actions.ts
 GET /dashboard 200 in 334ms (next.js: 4ms, proxy.ts: 3ms, application-code: 326ms)
 GET /dashboard 200 in 394ms (next.js: 4ms, proxy.ts: 4ms, application-code: 386ms)
 POST /api/auth/logout 200 in 21ms (next.js: 4ms, proxy.ts: 4ms, application-code: 12ms)
 GET /login 200 in 29ms (next.js: 6ms, proxy.ts: 3ms, application-code: 20ms)
 GET /login 200 in 37ms (next.js: 9ms, proxy.ts: 4ms, application-code: 24ms)
  Reload env: .env
 GET /login 200 in 182ms (next.js: 82ms, proxy.ts: 45ms, application-code: 55ms)
 POST /api/auth/login 200 in 341ms (next.js: 28ms, proxy.ts: 4ms, application-code: 309ms)
 GET /dashboard 200 in 277ms (next.js: 7ms, proxy.ts: 8ms, application-code: 262ms)
 GET /dashboard 200 in 505ms (next.js: 87ms, proxy.ts: 11ms, application-code: 407ms)
 GET /supervision/weekly/fac16a22-2494-46c0-a67a-87943361266d/edit 200 in 280ms (next.js: 60ms, proxy.ts: 4ms, application-code: 216ms)
 POST /supervision/weekly/fac16a22-2494-46c0-a67a-87943361266d/edit 200 in 128ms (next.js: 14ms, proxy.ts: 5ms, application-code: 109ms)
  └─ ƒ saveSupervisionWeeklyDossier("fac16a22-2494-46c0-a67a-87943361266d", {"entries":["[Object]"],"expectedLockVersion":1,"observations":[],"...":"8 items not stringified"}) in 38ms src/app/(dashboard)/supervision/weekly/actions.ts
 POST /supervision/weekly/fac16a22-2494-46c0-a67a-87943361266d/edit 200 in 35ms (next.js: 12ms, proxy.ts: 4ms, application-code: 19ms)
  └─ ƒ getSupervisionWeeklySourceOptions("b151162f-ea1a-49cf-9278-a25b5ca08d3d") in 10ms src/app/(dashboard)/supervision/weekly/actions.ts
 POST /supervision/weekly/fac16a22-2494-46c0-a67a-87943361266d/edit 200 in 113ms (next.js: 10ms, proxy.ts: 6ms, application-code: 97ms)
  └─ ƒ saveSupervisionWeeklyDossier("fac16a22-2494-46c0-a67a-87943361266d", {"entries":["[Object]"],"expectedLockVersion":2,"observations":[],"...":"8 items not stringified"}) in 31ms src/app/(dashboard)/supervision/weekly/actions.ts
 POST /supervision/weekly/fac16a22-2494-46c0-a67a-87943361266d/edit 200 in 32ms (next.js: 10ms, proxy.ts: 4ms, application-code: 18ms)
  └─ ƒ getSupervisionWeeklyInspectionWorks("b151162f-ea1a-49cf-9278-a25b5ca08d3d", "93fb60f6-2ae5-48a6-b687-b2554c393192") in 11ms src/app/(dashboard)/supervision/weekly/actions.ts
 POST /supervision/weekly/fac16a22-2494-46c0-a67a-87943361266d/edit 200 in 101ms (next.js: 10ms, proxy.ts: 4ms, application-code: 86ms)
  └─ ƒ saveSupervisionWeeklyDossier("fac16a22-2494-46c0-a67a-87943361266d", {"entries":["[Object]"],"expectedLockVersion":3,"observations":[],"...":"8 items not stringified"}) in 23ms src/app/(dashboard)/supervision/weekly/actions.ts
 POST /supervision/weekly/fac16a22-2494-46c0-a67a-87943361266d/edit 200 in 98ms (next.js: 12ms, proxy.ts: 4ms, application-code: 82ms)
  └─ ƒ saveSupervisionWeeklyDossier("fac16a22-2494-46c0-a67a-87943361266d", {"entries":["[Object]"],"expectedLockVersion":4,"observations":[],"...":"8 items not stringified"}) in 25ms src/app/(dashboard)/supervision/weekly/actions.ts
 POST /supervision/weekly/fac16a22-2494-46c0-a67a-87943361266d/edit 200 in 310ms (next.js: 10ms, proxy.ts: 4ms, application-code: 296ms)
  └─ ƒ saveSupervisionWeeklyDossier("fac16a22-2494-46c0-a67a-87943361266d", {"entries":["[Object]"],"expectedLockVersion":5,"observations":[],"...":"8 items not stringified"}) in 120ms src/app/(dashboard)/supervision/weekly/actions.ts
 POST /supervision/weekly/fac16a22-2494-46c0-a67a-87943361266d/edit 200 in 36ms (next.js: 11ms, proxy.ts: 4ms, application-code: 21ms)
  └─ ƒ getSupervisionWeeklySourceOptions("b151162f-ea1a-49cf-9278-a25b5ca08d3d") in 14ms src/app/(dashboard)/supervision/weekly/actions.ts
 POST /supervision/weekly/fac16a22-2494-46c0-a67a-87943361266d/edit 200 in 126ms (next.js: 12ms, proxy.ts: 4ms, application-code: 111ms)
  └─ ƒ saveSupervisionWeeklyDossier("fac16a22-2494-46c0-a67a-87943361266d", {"entries":["[Object]"],"expectedLockVersion":6,"observations":[],"...":"8 items not stringified"}) in 43ms src/app/(dashboard)/supervision/weekly/actions.ts
 POST /supervision/weekly/fac16a22-2494-46c0-a67a-87943361266d/edit 200 in 202ms (next.js: 10ms, proxy.ts: 3ms, application-code: 188ms)
  └─ ƒ saveSupervisionWeeklyDossier("fac16a22-2494-46c0-a67a-87943361266d", {"entries":["[Object]"],"expectedLockVersion":7,"observations":[],"...":"8 items not stringified"}) in 113ms src/app/(dashboard)/supervision/weekly/actions.ts
 POST /supervision/weekly/fac16a22-2494-46c0-a67a-87943361266d/edit 200 in 142ms (next.js: 16ms, proxy.ts: 5ms, application-code: 121ms)
  └─ ƒ saveSupervisionWeeklyDossier("fac16a22-2494-46c0-a67a-87943361266d", {"entries":["[Object]"],"expectedLockVersion":8,"observations":[],"...":"8 items not stringified"}) in 56ms src/app/(dashboard)/supervision/weekly/actions.ts
 POST /supervision/weekly/fac16a22-2494-46c0-a67a-87943361266d/edit 200 in 87ms (next.js: 13ms, proxy.ts: 5ms, application-code: 69ms)
  └─ ƒ getSupervisionWeeklySourceOptions("b151162f-ea1a-49cf-9278-a25b5ca08d3d") in 61ms src/app/(dashboard)/supervision/weekly/actions.ts
 POST /supervision/weekly/fac16a22-2494-46c0-a67a-87943361266d/edit 200 in 194ms (next.js: 14ms, proxy.ts: 5ms, application-code: 175ms)
  └─ ƒ saveSupervisionWeeklyDossier("fac16a22-2494-46c0-a67a-87943361266d", {"entries":["[Object]"],"expectedLockVersion":9,"observations":[],"...":"8 items not stringified"}) in 95ms src/app/(dashboard)/supervision/weekly/actions.ts
 POST /supervision/weekly/fac16a22-2494-46c0-a67a-87943361266d/edit 200 in 141ms (next.js: 11ms, proxy.ts: 3ms, application-code: 126ms)
  └─ ƒ saveSupervisionWeeklyDossier("fac16a22-2494-46c0-a67a-87943361266d", {"entries":["[Object]"],"expectedLockVersion":10,"observations":[],"...":"8 items not stringified"}) in 63ms src/app/(dashboard)/supervision/weekly/actions.ts
 POST /supervision/weekly/fac16a22-2494-46c0-a67a-87943361266d/edit 200 in 188ms (next.js: 11ms, proxy.ts: 6ms, application-code: 171ms)
  └─ ƒ getSupervisionWeeklySourceOptions("b151162f-ea1a-49cf-9278-a25b5ca08d3d") in 163ms src/app/(dashboard)/supervision/weekly/actions.ts
 POST /supervision/weekly/fac16a22-2494-46c0-a67a-87943361266d/edit 200 in 188ms (next.js: 11ms, proxy.ts: 4ms, application-code: 174ms)
  └─ ƒ saveSupervisionWeeklyDossier("fac16a22-2494-46c0-a67a-87943361266d", {"entries":["[Object]"],"expectedLockVersion":11,"observations":[],"...":"8 items not stringified"}) in 97ms src/app/(dashboard)/supervision/weekly/actions.ts
 POST /supervision/weekly/fac16a22-2494-46c0-a67a-87943361266d/edit 200 in 150ms (next.js: 12ms, proxy.ts: 4ms, application-code: 134ms)
  └─ ƒ saveSupervisionWeeklyDossier("fac16a22-2494-46c0-a67a-87943361266d", {"entries":["[Object]"],"expectedLockVersion":12,"observations":[],"...":"8 items not stringified"}) in 59ms src/app/(dashboard)/supervision/weekly/actions.ts
 POST /supervision/weekly/fac16a22-2494-46c0-a67a-87943361266d/edit 200 in 297ms (next.js: 10ms, proxy.ts: 4ms, application-code: 284ms)
  └─ ƒ saveSupervisionWeeklyDossier("fac16a22-2494-46c0-a67a-87943361266d", {"entries":["[Object]"],"expectedLockVersion":13,"observations":[],"...":"8 items not stringified"}) in 209ms src/app/(dashboard)/supervision/weekly/actions.ts
 GET /supervision/weekly/fac16a22-2494-46c0-a67a-87943361266d/edit 200 in 224ms (next.js: 11ms, proxy.ts: 3ms, application-code: 210ms)
 POST /supervision/weekly/fac16a22-2494-46c0-a67a-87943361266d/edit 200 in 31ms (next.js: 7ms, proxy.ts: 4ms, application-code: 20ms)
  └─ ƒ getSupervisionWeeklySourceOptions("b151162f-ea1a-49cf-9278-a25b5ca08d3d") in 13ms src/app/(dashboard)/supervision/weekly/actions.ts
 POST /supervision/weekly/fac16a22-2494-46c0-a67a-87943361266d/edit 200 in 26ms (next.js: 7ms, proxy.ts: 3ms, application-code: 16ms)
  └─ ƒ getSupervisionWeeklyInspectionWorks("b151162f-ea1a-49cf-9278-a25b5ca08d3d", "93fb60f6-2ae5-48a6-b687-b2554c393192") in 9ms src/app/(dashboard)/supervision/weekly/actions.ts
 POST /supervision/weekly/fac16a22-2494-46c0-a67a-87943361266d/edit 200 in 26ms (next.js: 6ms, proxy.ts: 4ms, application-code: 16ms)
  └─ ƒ getSupervisionWeeklySourceOptions("b151162f-ea1a-49cf-9278-a25b5ca08d3d") in 9ms src/app/(dashboard)/supervision/weekly/actions.ts
 POST /supervision/weekly/fac16a22-2494-46c0-a67a-87943361266d/edit 200 in 21ms (next.js: 7ms, proxy.ts: 4ms, application-code: 10ms)
  └─ ƒ getSupervisionWeeklySourceOptions("b151162f-ea1a-49cf-9278-a25b5ca08d3d") in 4ms src/app/(dashboard)/supervision/weekly/actions.ts
 POST /supervision/weekly/fac16a22-2494-46c0-a67a-87943361266d/edit 200 in 27ms (next.js: 8ms, proxy.ts: 5ms, application-code: 13ms)
  └─ ƒ getSupervisionWeeklySourceOptions("b151162f-ea1a-49cf-9278-a25b5ca08d3d") in 6ms src/app/(dashboard)/supervision/weekly/actions.ts
 POST /supervision/weekly/fac16a22-2494-46c0-a67a-87943361266d/edit 200 in 129ms (next.js: 13ms, proxy.ts: 4ms, application-code: 112ms)
  └─ ƒ getSupervisionWeeklyPrintData("fac16a22-2494-46c0-a67a-87943361266d") in 99ms src/app/(dashboard)/supervision/weekly/actions.ts
 GET /supervision/weekly/ed9c81e9-2611-4380-9e81-8d20c4b31edd/edit 200 in 289ms (next.js: 11ms, proxy.ts: 3ms, application-code: 275ms)
 GET /dashboard 200 in 267ms (next.js: 4ms, proxy.ts: 3ms, application-code: 259ms)
 POST /api/auth/logout 200 in 52ms (next.js: 30ms, proxy.ts: 5ms, application-code: 17ms)
 GET /login 200 in 27ms (next.js: 6ms, proxy.ts: 4ms, application-code: 17ms)
 GET /login 200 in 27ms (next.js: 5ms, proxy.ts: 3ms, application-code: 18ms)
  Reload env: .env
 GET /login 200 in 158ms (next.js: 73ms, proxy.ts: 41ms, application-code: 44ms)
 POST /api/auth/login 200 in 311ms (next.js: 35ms, proxy.ts: 4ms, application-code: 272ms)
 GET /dashboard 200 in 349ms (next.js: 7ms, proxy.ts: 10ms, application-code: 332ms)
 GET /dashboard 200 in 516ms (next.js: 49ms, proxy.ts: 4ms, application-code: 462ms)
 GET /supervision/weekly/ed9c81e9-2611-4380-9e81-8d20c4b31edd/edit 200 in 368ms (next.js: 54ms, proxy.ts: 5ms, application-code: 309ms)
 POST /supervision/weekly/ed9c81e9-2611-4380-9e81-8d20c4b31edd/edit 200 in 39ms (next.js: 12ms, proxy.ts: 5ms, application-code: 22ms)
  └─ ƒ getSupervisionWeeklySourceOptions("051f1430-616b-4476-bfd5-3d3d39b84ac0") in 12ms src/app/(dashboard)/supervision/weekly/actions.ts
 POST /supervision/weekly/ed9c81e9-2611-4380-9e81-8d20c4b31edd/edit 200 in 33ms (next.js: 6ms, proxy.ts: 3ms, application-code: 23ms)
  └─ ƒ getSupervisionWeeklySourceOptions("051f1430-616b-4476-bfd5-3d3d39b84ac0") in 16ms src/app/(dashboard)/supervision/weekly/actions.ts
 POST /supervision/weekly/ed9c81e9-2611-4380-9e81-8d20c4b31edd/edit 200 in 84ms (next.js: 10ms, proxy.ts: 4ms, application-code: 69ms)
  └─ ƒ getSupervisionWeeklyPrintData("ed9c81e9-2611-4380-9e81-8d20c4b31edd") in 61ms src/app/(dashboard)/supervision/weekly/actions.ts
 GET /api/supervision/weekly/ed9c81e9-2611-4380-9e81-8d20c4b31edd/export?document=NEXT_WEEK_PLAN&format=docx&filename=Ke-hoach-tuan-tiep-theo_2026-07-23.docx 200 in 1828ms (next.js: 1605ms, proxy.ts: 5ms, application-code: 218ms)
 GET /supervision-export/ed9c81e9-2611-4380-9e81-8d20c4b31edd?document=NEXT_WEEK_PLAN 200 in 1993ms (next.js: 1754ms, proxy.ts: 8ms, application-code: 232ms)
 GET /api/supervision/weekly/ed9c81e9-2611-4380-9e81-8d20c4b31edd/export?document=NEXT_WEEK_PLAN&format=pdf&filename=Ke-hoach-tuan-tiep-theo_2026-07-23.pdf 200 in 6.1s (next.js: 22ms, proxy.ts: 8ms, application-code: 6.1s)
 GET /supervision-export/ed9c81e9-2611-4380-9e81-8d20c4b31edd?document=NEXT_WEEK_PLAN 200 in 123ms (next.js: 13ms, proxy.ts: 4ms, application-code: 106ms)
 GET /api/supervision/weekly/ed9c81e9-2611-4380-9e81-8d20c4b31edd/export?document=NEXT_WEEK_PLAN&format=pdf&filename=Ke-hoach-tuan-tiep-theo_2026-07-23.pdf 200 in 1686ms (next.js: 10ms, proxy.ts: 4ms, application-code: 1672ms)
 GET /dashboard 200 in 359ms (next.js: 4ms, proxy.ts: 4ms, application-code: 351ms)
 POST /api/auth/logout 200 in 41ms (next.js: 25ms, proxy.ts: 4ms, application-code: 12ms)
 GET /login 200 in 25ms (next.js: 5ms, proxy.ts: 3ms, application-code: 18ms)
 GET /login 200 in 26ms (next.js: 6ms, proxy.ts: 3ms, application-code: 17ms)
 POST /api/auth/login 200 in 255ms (next.js: 4ms, proxy.ts: 4ms, application-code: 248ms)
 GET /dashboard 200 in 349ms (next.js: 6ms, proxy.ts: 5ms, application-code: 338ms)
 GET /dashboard 200 in 303ms (next.js: 13ms, proxy.ts: 15ms, application-code: 275ms)
 GET /supervision/weekly/fac16a22-2494-46c0-a67a-87943361266d/edit 200 in 136ms (next.js: 10ms, proxy.ts: 3ms, application-code: 124ms)
 POST /supervision/weekly/fac16a22-2494-46c0-a67a-87943361266d/edit 200 in 36ms (next.js: 6ms, proxy.ts: 4ms, application-code: 26ms)
  └─ ƒ getSupervisionWeeklySourceOptions("b151162f-ea1a-49cf-9278-a25b5ca08d3d") in 19ms src/app/(dashboard)/supervision/weekly/actions.ts
 POST /supervision/weekly/fac16a22-2494-46c0-a67a-87943361266d/edit 200 in 28ms (next.js: 6ms, proxy.ts: 3ms, application-code: 18ms)
  └─ ƒ getSupervisionWeeklyInspectionWorks("b151162f-ea1a-49cf-9278-a25b5ca08d3d", "93fb60f6-2ae5-48a6-b687-b2554c393192") in 11ms src/app/(dashboard)/supervision/weekly/actions.ts
 POST /supervision/weekly/fac16a22-2494-46c0-a67a-87943361266d/edit 200 in 27ms (next.js: 7ms, proxy.ts: 4ms, application-code: 16ms)
  └─ ƒ getSupervisionWeeklySourceOptions("b151162f-ea1a-49cf-9278-a25b5ca08d3d") in 8ms src/app/(dashboard)/supervision/weekly/actions.ts
 POST /supervision/weekly/fac16a22-2494-46c0-a67a-87943361266d/edit 200 in 26ms (next.js: 6ms, proxy.ts: 4ms, application-code: 16ms)
  └─ ƒ getSupervisionWeeklySourceOptions("b151162f-ea1a-49cf-9278-a25b5ca08d3d") in 10ms src/app/(dashboard)/supervision/weekly/actions.ts
 POST /supervision/weekly/fac16a22-2494-46c0-a67a-87943361266d/edit 200 in 26ms (next.js: 7ms, proxy.ts: 4ms, application-code: 15ms)
  └─ ƒ getSupervisionWeeklySourceOptions("b151162f-ea1a-49cf-9278-a25b5ca08d3d") in 8ms src/app/(dashboard)/supervision/weekly/actions.ts
 POST /supervision/weekly/fac16a22-2494-46c0-a67a-87943361266d/edit 200 in 25ms (next.js: 5ms, proxy.ts: 3ms, application-code: 17ms)
  └─ ƒ getSupervisionWeeklyPrintData("fac16a22-2494-46c0-a67a-87943361266d") in 9ms src/app/(dashboard)/supervision/weekly/actions.ts
 GET /api/supervision/weekly/fac16a22-2494-46c0-a67a-87943361266d/export?document=RESULT&format=docx&filename=Bao-cao-ket-qua-tuan_2026-07-23.docx 200 in 82ms (next.js: 13ms, proxy.ts: 5ms, application-code: 64ms)
 GET /supervision-export/fac16a22-2494-46c0-a67a-87943361266d?document=RESULT 200 in 379ms (next.js: 15ms, proxy.ts: 6ms, application-code: 358ms)
 GET /api/supervision/weekly/fac16a22-2494-46c0-a67a-87943361266d/export?document=RESULT&format=pdf&filename=Bao-cao-ket-qua-tuan_2026-07-23.pdf 200 in 3.3s (next.js: 16ms, proxy.ts: 5ms, application-code: 3.2s)
