⨯ Error [PrismaClientKnownRequestError]: 
Invalid `{imported module ./src/lib/prisma.ts}["default"].supervisionWeeklyDossier.findFirst()` invocation in
D:\construction-erp-v2\.next\dev\server\chunks\ssr\_00x904b._.js:1504:180

  1501     };
  1502 }
  1503 async function getDossierForActor(id, actor) {
→ 1504     const dossier = await {imported module ./src/lib/prisma.ts}["default"].supervisionWeeklyDossier.findFirst(
The column `SupervisionWeeklyTransition.verificationMode` does not exist in the current database.
    at <unknown> (src\app\(dashboard)\supervision\weekly\actions.ts:28:57)
    at async getDossierForActor (src\app\(dashboard)\supervision\weekly\actions.ts:28:19)
    at async SupervisionWeeklyEditPage (src\app\(dashboard)\supervision\weekly\[id]\edit\page.tsx:15:31)
  26 | ...
  27 | ...n getDossierForActor(id: string, actor: Actor) {
> 28 | ...er = await prisma.supervisionWeeklyDossier.findFirst({
     |                                               ^
  29 | ...id, deletedAt: null },
  30 | ...{
  31 | ...: { orderBy: [{ documentType: "asc" }, { entryDate: "asc" }, { shift: "asc" }, { sortOr... {
  code: 'P2022',
  meta: {
    modelName: 'SupervisionWeeklyDossier',
    driverAdapterError: Error [DriverAdapterError]: ColumnNotFound
        at async getDossierForActor (src\app\(dashboard)\supervision\weekly\actions.ts:28:19)
        at async SupervisionWeeklyEditPage (src\app\(dashboard)\supervision\weekly\[id]\edit\page.tsx:15:31)
      26 |
      27 | async function getDossierForActor(id: string, actor: Actor) {
    > 28 |   const dossier = await prisma.supervisionWeeklyDossier.findFirst({
         |                   ^
      29 |     where: { id, deletedAt: null },
      30 |     include: {
      31 |       entries: { orderBy: [{ documentType: "asc" }, { entryDate: "asc" }, { shift: "asc" }... {
      [cause]: [Object]
    }
  },
  clientVersion: '7.8.0',
  digest: '1074683485'
}
[browser] Uncaught PrismaClientKnownRequestError: 
Invalid `__TURBOPACK__imported__module__$5b$project$5d2f$src$2f$lib$2f$prisma$2e$ts__$5b$app$2d$rsc$5d$__$28$ecmascript$29$__["default"].supervisionWeeklyDossier.findFirst()` invocation in
D:\construction-erp-v2\.next\dev\server\chunks\ssr\_00x904b._.js:1504:180

  1501     };
  1502 }
  1503 async function getDossierForActor(id, actor) {
→ 1504     const dossier = await __TURBOPACK__imported__module__$5b$project$5d2f$src$2f$lib$2f$prisma$2e$ts__$5b$app$2d$rsc$5d$__$28$ecmascript$29$__["default"].supervisionWeeklyDossier.findFirst(
The column `SupervisionWeeklyTransition.verificationMode` does not exist in the current database.
    at <unknown> (src\app\(dashboard)\supervision\weekly\actions.ts:28:57)
    at  getDossierForActor (src\app\(dashboard)\supervision\weekly\actions.ts:28:19)
    at  SupervisionWeeklyEditPage (src\app\(dashboard)\supervision\weekly\[id]\edit\page.tsx:15:31)
  26 | ...
  27 | ...n getDossierForActor(id: string, actor: Actor) {
> 28 | ...er = await prisma.supervisionWeeklyDossier.findFirst({
     |                                               ^
  29 | ...id, deletedAt: null },
  30 | ...{
  31 | ...: { orderBy: [{ documentType: "asc" }, { entryDate: "asc" }, { shift: "asc" }, { sortOr...
